[backblue.gif]
[fade.gif]
[index.html]
[altoromutual.com/images/logo.gif]
[altoromutual.com/images/gradient.jpg]
[altoromutual.com/images/header_pic.jpg]
[altoromutual.com/images/pf_lock.gif]
[altoromutual.com/images/home1.jpg]
[altoromutual.com/images/home2.jpg]
[altoromutual.com/images/home3.jpg]
[altoromutual.com/index.html]
[altoromutual.com/style.css]
[altoromutual.com/index-2.html]
[altoromutual.com/login.html]
[altoromutual.com/subscribe.swf]
[altoromutual.com/images/inside6.jpg]
[altoromutual.com/index86eb.html]
[altoromutual.com/feedback.html]
[altoromutual.com/images/p_main.jpg]
[altoromutual.com/indexfadf.html]
[altoromutual.com/images/b_main.jpg]
[altoromutual.com/index2a69.html]
[altoromutual.com/pr/communityannualreport.pdf]
[altoromutual.com/images/inside1.jpg]
[altoromutual.com/index4a61.html]
[altoromutual.com/images/p_deposit.jpg]
[altoromutual.com/indexeb20.html]
[altoromutual.com/images/p_checking.jpg]
[altoromutual.com/indexc207.html]
[altoromutual.com/images/p_loans.jpg]
[altoromutual.com/indexaf95.html]
[altoromutual.com/images/p_cards.jpg]
[altoromutual.com/indexb7e6.html]
[altoromutual.com/images/p_investments.jpg]
[altoromutual.com/indexb374.html]
[altoromutual.com/images/p_other.jpg]
[altoromutual.com/index0064.html]
[altoromutual.com/images/b_deposit.jpg]
[altoromutual.com/index7bb7.html]
[altoromutual.com/images/b_lending.jpg]
[altoromutual.com/indexad11.html]
[altoromutual.com/images/b_cards.jpg]
[altoromutual.com/index6349.html]
[altoromutual.com/images/b_insurance.jpg]
[altoromutual.com/index5788.html]
[altoromutual.com/indexdb9a.html]
[altoromutual.com/images/b_other.jpg]
[altoromutual.com/index2345.html]
[altoromutual.com/images/inside5.jpg]
[altoromutual.com/indexca85.html]
[altoromutual.com/cgi.html]
[altoromutual.com/images/inside3.jpg]
[altoromutual.com/index0aa1.html]
[altoromutual.com/images/inside7.jpg]
[altoromutual.com/indexf172.html]
[altoromutual.com/images/inside4.jpg]
[altoromutual.com/indexed9a.html]
[altoromutual.com/subscribe.html]
[altoromutual.com/index7114.html]
[altoromutual.com/index97c5.html]
[altoromutual.com/defaultaea6.html]
[altoromutual.com/survey_questions.html]
[altoromutual.com/indexaea6.html]
[altoromutual.com/status_check.html]
[altoromutual.com/swagger/favicon-32x32.png]
[altoromutual.com/swagger/favicon-16x16.png]
[altoromutual.com/swagger/swagger-ui-bundle.js]
[altoromutual.com/swagger/swagger-ui-standalone-preset.js]
[altoromutual.com/swagger/index.html]
[altoromutual.com/images/ok.gif]
[altoromutual.com/images/cancel.gif]
[altoromutual.com/disclaimer93a8.html]
[altoromutual.com/disclaimer2900.html]
[altoromutual.com/comments.html]
[altoromutual.com/images/adobe.gif]
[altoromutual.com/index8fcf.html]
[altoromutual.com/images/altoro.gif]
[altoromutual.com/high_yield_investments.html]
[altoromutual.com/my documents/JohnSmith/Bank Site Documents/grouplife.html]
[altoromutual.com/images/b_retirement.jpg]
[altoromutual.com/retirement.html]
[altoromutual.com/images/spacer.gif]
[altoromutual.com/indexbae8.html]
[altoromutual.com/inside_points_of_interest.html]
[altoromutual.com/index2a12.html]
[altoromutual.com/indexac2e.html]
[altoromutual.com/index59f5.html]
[altoromutual.com/index49df.html]
[altoromutual.com/indexc193.html]
[altoromutual.com/index14e5.html]
[altoromutual.com/index61b9.html]
[altoromutual.com/index0b4d.html]
[altoromutual.com/index6c68.html]
[altoromutual.com/index58e2.html]
[altoromutual.com/index6c8b.html]
[altoromutual.com/index1cb5.html]
[altoromutual.com/Privacypolicy3e7c.html]
[altoromutual.com/survey_questions79e8.html]
[altoromutual.com/images/icon_top.html]
[altoromutual.com/GET.html]
[altoromutual.com/util/serverStatusCheckServicee022.html]
[altoromutual.com/swagger/swagger-ui.css]
[altoromutual.com/index2db7.html]
[altoromutual.com/default.html]
[altoromutual.com/altoro/images/gradient.html]
[altoromutual.com/security.html]
[altoromutual.com/indexfd9c.html]
[altoromutual.com/index972c.html]
[altoromutual.com/index0e02.html]
[altoromutual.com/indexe50f.html]
[altoromutual.com/index049b.html]
[altoromutual.com/indexfa22.html]
[altoromutual.com/index0aa1-2.html]
[altoromutual.com/survey_questionse858.html]
[altoromutual.com/Documents/JohnSmith/VoluteeringInformation.html]
[demo-analytics.testfire.net/urchin.js]
[altoromutual.com/survey_questions3045.html]
[www.exampledomainnotinuse.org/mybeacon.gif]
[altoromutual.com/survey_questions2e4d.html]
[altoromutual.com/survey_questions8abe.html]
